// Jest Snapshot v1, https://goo.gl/fbAQLP

exports[`Checking FormularioComunitario Should mount ok 1`] = `
<div
  className="container-fluid pull-down "
>
  <div
    className="row justify-content-md-center"
  >
    <div
      className="col-md-12"
    >
      <form
        onSubmit={[Function]}
      >
        <fieldset>
          <div
            className="card"
          >
            <div
              className="card-body justify-content-md-center center_div"
            >
              <h4
                className="card-title text-center"
              >
                Comunitario
              </h4>
              <hr />
              <div
                className="row"
              >
                <div
                  className="col-6"
                >
                  <label>
                    Nombre:
                  </label>
                  <input
                    className="form-control"
                    name="nombre"
                    onChange={[Function]}
                    type="text"
                    value=""
                  />
                </div>
              </div>
              <div
                className="row"
              >
                <div
                  className="col-6"
                >
                  <label>
                    Doppler:
                  </label>
                  <input
                    className="form-control"
                    name="doppler"
                    onChange={[Function]}
                    type="text"
                    value={0}
                  />
                </div>
              </div>
              <div
                className="row"
              >
                <div
                  className="col-6"
                >
                  <label>
                    BIDI:
                  </label>
                  <input
                    className="form-control"
                    name="bidi"
                    onChange={[Function]}
                    type="text"
                    value={0}
                  />
                </div>
              </div>
              <div
                className="row"
              >
                <div
                  className="col-6"
                >
                  <label>
                    Doble:
                  </label>
                  <input
                    className="form-control"
                    name="doble"
                    onChange={[Function]}
                    type="text"
                    value={0}
                  />
                </div>
              </div>
              <div
                className="row"
              >
                <div
                  className="col-6"
                >
                  <label>
                    Consultorio:
                  </label>
                  <input
                    className="form-control"
                    name="consultorio"
                    onChange={[Function]}
                    type="text"
                    value={0}
                  />
                </div>
              </div>
            </div>
            <div
              className="card-footer text-muted"
            >
              <div
                className="form-group"
              >
                <Link
                  className="btn btn-dark"
                  to="/comunitarios"
                >
                  Volver
                </Link>
                   
                <button
                  className="btn btn-icon btn-primary"
                  type="submit"
                >
                  Guardar
                </button>
                  
              </div>
            </div>
          </div>
        </fieldset>
      </form>
    </div>
  </div>
</div>
`;

exports[`Checking FormularioComunitario Should mount ok with data 1`] = `
<div
  className="container-fluid pull-down "
>
  <div
    className="row justify-content-md-center"
  >
    <div
      className="col-md-12"
    >
      <form
        onSubmit={[Function]}
      >
        <fieldset>
          <div
            className="card"
          >
            <div
              className="card-body justify-content-md-center center_div"
            >
              <h4
                className="card-title text-center"
              >
                Comunitario
              </h4>
              <hr />
              <div
                className="row"
              >
                <div
                  className="col-6"
                >
                  <label>
                    Nombre:
                  </label>
                  <input
                    className="form-control"
                    name="nombre"
                    onChange={[Function]}
                    type="text"
                    value=""
                  />
                </div>
              </div>
              <div
                className="row"
              >
                <div
                  className="col-6"
                >
                  <label>
                    Doppler:
                  </label>
                  <input
                    className="form-control"
                    name="doppler"
                    onChange={[Function]}
                    type="text"
                    value={0}
                  />
                </div>
              </div>
              <div
                className="row"
              >
                <div
                  className="col-6"
                >
                  <label>
                    BIDI:
                  </label>
                  <input
                    className="form-control"
                    name="bidi"
                    onChange={[Function]}
                    type="text"
                    value={0}
                  />
                </div>
              </div>
              <div
                className="row"
              >
                <div
                  className="col-6"
                >
                  <label>
                    Doble:
                  </label>
                  <input
                    className="form-control"
                    name="doble"
                    onChange={[Function]}
                    type="text"
                    value={0}
                  />
                </div>
              </div>
              <div
                className="row"
              >
                <div
                  className="col-6"
                >
                  <label>
                    Consultorio:
                  </label>
                  <input
                    className="form-control"
                    name="consultorio"
                    onChange={[Function]}
                    type="text"
                    value={0}
                  />
                </div>
              </div>
            </div>
            <div
              className="card-footer text-muted"
            >
              <div
                className="form-group"
              >
                <Link
                  className="btn btn-dark"
                  to="/comunitarios"
                >
                  Volver
                </Link>
                   
                <button
                  className="btn btn-icon btn-primary"
                  type="submit"
                >
                  Guardar
                </button>
                  
              </div>
            </div>
          </div>
        </fieldset>
      </form>
    </div>
  </div>
</div>
`;
